PS C:\Users\collot> git config --list
diff.astextplain.textconv=astextplain
filter.lfs.clean=git-lfs clean -- %f
filter.lfs.smudge=git-lfs smudge -- %f
filter.lfs.process=git-lfs filter-process
filter.lfs.required=true
http.sslbackend=openssl
http.sslcainfo=C:/Users/collot/AppData/Local/Programs/Git/mingw64/etc/ssl/certs/ca-bundle.crt
core.autocrlf=true
core.fscache=true
core.symlinks=false
pull.rebase=false
credential.helper=manager
credential.https://dev.azure.com.usehttppath=true
init.defaultbranch=master
user.name=Louann
user.email=louanncollot50@gmail.com
http.proxy=http://10.0.0.1:80



PS K:\1HTML\Hamadouche\TP3 Git> git init
Initialized empty Git repository in //srv-2019/collot$/1HTML/Hamadouche/TP3 Git/.git/



PS K:\1HTML\Hamadouche\TP3 Git> git status
On branch master

No commits yet

Untracked files:
  (use "git add <file>..." to include in what will be committed)
        Exo/

nothing added to commit but untracked files present (use "git add" to track)
PS K:\1HTML\Hamadouche\TP3 Git> git add Exo/
PS K:\1HTML\Hamadouche\TP3 Git> git status
On branch master

No commits yet

Changes to be committed:
  (use "git rm --cached <file>..." to unstage)
        new file:   Exo/index.html

PS K:\1HTML\Hamadouche\TP3 Git> git add .
PS K:\1HTML\Hamadouche\TP3 Git> git status
On branch master

No commits yet

Changes to be committed:
  (use "git rm --cached <file>..." to unstage)
        new file:   Exo/index.html
        new file:   Rendu

-------------<le changement de couleur est du au fait que le fichier est enregistré ou pas sur Git>

PS K:\1HTML\Hamadouche\TP3 Git> git commit -m "premierecommit"
[master (root-commit) 8f88675] premierecommit
 2 files changed, 0 insertions(+), 0 deletions(-)
 create mode 100644 Exo/index.html
 create mode 100644 Rendu
PS K:\1HTML\Hamadouche\TP3 Git> git status
On branch master
nothing to commit, working tree clean

------------<tout va bien donc il dit rien de spéciale (le fichier na pas changé)>

PS K:\1HTML\Hamadouche\TP3 Git> git log --oneline
8f88675 (HEAD -> master) premierecommit
PS K:\1HTML\Hamadouche\TP3 Git> git log                                                                                 commit 8f88675f1378b59db8837e92a7dd17b859b64b6f (HEAD -> master)
Author: Louann <louanncollot50@gmail.com>
Date:   Tue Oct 3 13:59:18 2023 +0200

    premierecommit